Copyright 1986-2021 Xilinx, Inc. All Rights Reserved.
------------------------------------------------------------------------------------
| Tool Version : Vivado v.2021.2 (win64) Build 3367213 Tue Oct 19 02:48:09 MDT 2021
| Date         : Sun May 31 13:03:48 2026
| Host         : m210-22 running 64-bit major release  (build 9200)
| Command      : report_timing_summary -file ./synth_sweep/timing_MAC_BITS_11.rpt
| Design       : omp_mem_top
| Device       : 7z020-clg400
| Speed File   : -1  PRODUCTION 1.12 2019-11-22
------------------------------------------------------------------------------------

Timing Summary Report

------------------------------------------------------------------------------------------------
| Timer Settings
| --------------
------------------------------------------------------------------------------------------------

  Enable Multi Corner Analysis               :  Yes
  Enable Pessimism Removal                   :  Yes
  Pessimism Removal Resolution               :  Nearest Common Node
  Enable Input Delay Default Clock           :  No
  Enable Preset / Clear Arcs                 :  No
  Disable Flight Delays                      :  No
  Ignore I/O Paths                           :  No
  Timing Early Launch at Borrowing Latches   :  No
  Borrow Time for Max Delay Exceptions       :  Yes
  Merge Timing Exceptions                    :  Yes

  Corner  Analyze    Analyze    
  Name    Max Paths  Min Paths  
  ------  ---------  ---------  
  Slow    Yes        Yes        
  Fast    Yes        Yes        


------------------------------------------------------------------------------------------------
| Report Methodology
| ------------------
------------------------------------------------------------------------------------------------

No report available as report_methodology has not been run prior. Run report_methodology on the current design for the summary of methodology violations.



check_timing report

Table of Contents
-----------------
1. checking no_clock (0)
2. checking constant_clock (0)
3. checking pulse_width_clock (0)
4. checking unconstrained_internal_endpoints (0)
5. checking no_input_delay (89)
6. checking no_output_delay (112)
7. checking multiple_clock (0)
8. checking generated_clocks (0)
9. checking loops (0)
10. checking partial_input_delay (0)
11. checking partial_output_delay (0)
12. checking latch_loops (0)

1. checking no_clock (0)
------------------------
 There are 0 register/latch pins with no clock.


2. checking constant_clock (0)
------------------------------
 There are 0 register/latch pins with constant_clock.


3. checking pulse_width_clock (0)
---------------------------------
 There are 0 register/latch pins which need pulse_width check


4. checking unconstrained_internal_endpoints (0)
------------------------------------------------
 There are 0 pins that are not constrained for maximum delay.

 There are 0 pins that are not constrained for maximum delay due to constant clock.


5. checking no_input_delay (89)
-------------------------------
 There are 89 input ports with no input delay specified. (HIGH)

 There are 0 input ports with no input delay but user has a false path constraint.


6. checking no_output_delay (112)
---------------------------------
 There are 112 ports with no output delay specified. (HIGH)

 There are 0 ports with no output delay but user has a false path constraint

 There are 0 ports with no output delay but with a timing clock defined on it or propagating through it


7. checking multiple_clock (0)
------------------------------
 There are 0 register/latch pins with multiple clocks.


8. checking generated_clocks (0)
--------------------------------
 There are 0 generated clocks that are not connected to a clock source.


9. checking loops (0)
---------------------
 There are 0 combinational loops in the design.


10. checking partial_input_delay (0)
------------------------------------
 There are 0 input ports with partial input delay specified.


11. checking partial_output_delay (0)
-------------------------------------
 There are 0 ports with partial output delay specified.


12. checking latch_loops (0)
----------------------------
 There are 0 combinational latch loops in the design through latch input



------------------------------------------------------------------------------------------------
| Design Timing Summary
| ---------------------
------------------------------------------------------------------------------------------------

    WNS(ns)      TNS(ns)  TNS Failing Endpoints  TNS Total Endpoints      WHS(ns)      THS(ns)  THS Failing Endpoints  THS Total Endpoints     WPWS(ns)     TPWS(ns)  TPWS Failing Endpoints  TPWS Total Endpoints  
    -------      -------  ---------------------  -------------------      -------      -------  ---------------------  -------------------     --------     --------  ----------------------  --------------------  
      2.780        0.000                      0                 4343        0.219        0.000                      0                 4343        3.750        0.000                       0                   971  


All user specified timing constraints are met.


------------------------------------------------------------------------------------------------
| Clock Summary
| -------------
------------------------------------------------------------------------------------------------

Clock  Waveform(ns)       Period(ns)      Frequency(MHz)
-----  ------------       ----------      --------------
aclk   {0.000 5.000}      10.000          100.000         


------------------------------------------------------------------------------------------------
| Intra Clock Table
| -----------------
------------------------------------------------------------------------------------------------

Clock             WNS(ns)      TNS(ns)  TNS Failing Endpoints  TNS Total Endpoints      WHS(ns)      THS(ns)  THS Failing Endpoints  THS Total Endpoints     WPWS(ns)     TPWS(ns)  TPWS Failing Endpoints  TPWS Total Endpoints  
-----             -------      -------  ---------------------  -------------------      -------      -------  ---------------------  -------------------     --------     --------  ----------------------  --------------------  
aclk                2.780        0.000                      0                 4343        0.219        0.000                      0                 4343        3.750        0.000                       0                   971  


------------------------------------------------------------------------------------------------
| Inter Clock Table
| -----------------
------------------------------------------------------------------------------------------------

From Clock    To Clock          WNS(ns)      TNS(ns)  TNS Failing Endpoints  TNS Total Endpoints      WHS(ns)      THS(ns)  THS Failing Endpoints  THS Total Endpoints  
----------    --------          -------      -------  ---------------------  -------------------      -------      -------  ---------------------  -------------------  


------------------------------------------------------------------------------------------------
| Other Path Groups Table
| -----------------------
------------------------------------------------------------------------------------------------

Path Group    From Clock    To Clock          WNS(ns)      TNS(ns)  TNS Failing Endpoints  TNS Total Endpoints      WHS(ns)      THS(ns)  THS Failing Endpoints  THS Total Endpoints  
----------    ----------    --------          -------      -------  ---------------------  -------------------      -------      -------  ---------------------  -------------------  


------------------------------------------------------------------------------------------------
| Timing Details
| --------------
------------------------------------------------------------------------------------------------


---------------------------------------------------------------------------------------------------
From Clock:  aclk
  To Clock:  aclk

Setup :            0  Failing Endpoints,  Worst Slack        2.780ns,  Total Violation        0.000ns
Hold  :            0  Failing Endpoints,  Worst Slack        0.219ns,  Total Violation        0.000ns
PW    :            0  Failing Endpoints,  Worst Slack        3.750ns,  Total Violation        0.000ns
---------------------------------------------------------------------------------------------------


Max Delay Paths
--------------------------------------------------------------------------------------
Slack (MET) :             2.780ns  (required time - arrival time)
  Source:                 u_engine/u_dp/u_acc/areg_reg[0]/C
                            (rising edge-triggered cell FDRE clocked by aclk  {rise@0.000ns fall@5.000ns period=10.000ns})
  Destination:            u_engine/u_trk/best_j_reg[0]/CE
                            (rising edge-triggered cell FDRE clocked by aclk  {rise@0.000ns fall@5.000ns period=10.000ns})
  Path Group:             aclk
  Path Type:              Setup (Max at Slow Process Corner)
  Requirement:            10.000ns  (aclk rise@10.000ns - aclk rise@0.000ns)
  Data Path Delay:        6.967ns  (logic 3.863ns (55.447%)  route 3.104ns (44.553%))
  Logic Levels:           14  (CARRY4=10 LUT1=1 LUT2=1 LUT3=1 LUT6=1)
  Clock Path Skew:        -0.049ns (DCD - SCD + CPR)
    Destination Clock Delay (DCD):    0.924ns = ( 10.924 - 10.000 ) 
    Source Clock Delay      (SCD):    0.973ns
    Clock Pessimism Removal (CPR):    0.000ns
  Clock Uncertainty:      0.035ns  ((TSJ^2 + TIJ^2)^1/2 + DJ) / 2 + PE
    Total System Jitter     (TSJ):    0.071ns
    Total Input Jitter      (TIJ):    0.000ns
    Discrete Jitter          (DJ):    0.000ns
    Phase Error              (PE):    0.000ns

    Location             Delay type                Incr(ns)  Path(ns)    Netlist Resource(s)
  -------------------------------------------------------------------    -------------------
                         (clock aclk rise edge)       0.000     0.000 r  
                                                      0.000     0.000 r  aclk (IN)
                         net (fo=970, unset)          0.973     0.973    u_engine/u_dp/u_acc/aclk
                         FDRE                                         r  u_engine/u_dp/u_acc/areg_reg[0]/C
  -------------------------------------------------------------------    -------------------
                         FDRE (Prop_fdre_C_Q)         0.518     1.491 f  u_engine/u_dp/u_acc/areg_reg[0]/Q
                         net (fo=5, unplaced)         0.339     1.830    u_engine/u_dp/u_acc/areg_reg[0]_0
                         LUT1 (Prop_lut1_I0_O)        0.295     2.125 r  u_engine/u_dp/u_acc/max_score[4]_i_3/O
                         net (fo=1, unplaced)         0.333     2.458    u_engine/u_dp/u_acc/max_score[4]_i_3_n_0
                         CARRY4 (Prop_carry4_CYINIT_CO[3])
                                                      0.595     3.053 r  u_engine/u_dp/u_acc/max_score_reg[4]_i_2/CO[3]
                         net (fo=1, unplaced)         0.009     3.062    u_engine/u_dp/u_acc/max_score_reg[4]_i_2_n_0
                         CARRY4 (Prop_carry4_CI_CO[3])
                                                      0.117     3.179 r  u_engine/u_dp/u_acc/max_score_reg[8]_i_2/CO[3]
                         net (fo=1, unplaced)         0.000     3.179    u_engine/u_dp/u_acc/max_score_reg[8]_i_2_n_0
                         CARRY4 (Prop_carry4_CI_CO[3])
                                                      0.117     3.296 r  u_engine/u_dp/u_acc/max_score_reg[12]_i_2/CO[3]
                         net (fo=1, unplaced)         0.000     3.296    u_engine/u_dp/u_acc/max_score_reg[12]_i_2_n_0
                         CARRY4 (Prop_carry4_CI_CO[3])
                                                      0.117     3.413 r  u_engine/u_dp/u_acc/max_score_reg[16]_i_2/CO[3]
                         net (fo=1, unplaced)         0.000     3.413    u_engine/u_dp/u_acc/max_score_reg[16]_i_2_n_0
                         CARRY4 (Prop_carry4_CI_CO[3])
                                                      0.117     3.530 r  u_engine/u_dp/u_acc/max_score_reg[20]_i_2/CO[3]
                         net (fo=1, unplaced)         0.000     3.530    u_engine/u_dp/u_acc/max_score_reg[20]_i_2_n_0
                         CARRY4 (Prop_carry4_CI_CO[3])
                                                      0.117     3.647 r  u_engine/u_dp/u_acc/max_score_reg[24]_i_2/CO[3]
                         net (fo=1, unplaced)         0.000     3.647    u_engine/u_dp/u_acc/max_score_reg[24]_i_2_n_0
                         CARRY4 (Prop_carry4_CI_CO[3])
                                                      0.117     3.764 r  u_engine/u_dp/u_acc/max_score_reg[28]_i_2/CO[3]
                         net (fo=1, unplaced)         0.000     3.764    u_engine/u_dp/u_acc/max_score_reg[28]_i_2_n_0
                         CARRY4 (Prop_carry4_CI_CO[3])
                                                      0.117     3.881 r  u_engine/u_dp/u_acc/max_score_reg[32]_i_2/CO[3]
                         net (fo=1, unplaced)         0.000     3.881    u_engine/u_dp/u_acc/max_score_reg[32]_i_2_n_0
                         CARRY4 (Prop_carry4_CI_O[1])
                                                      0.337     4.218 r  u_engine/u_dp/u_acc/max_score_reg[36]_i_2/O[1]
                         net (fo=1, unplaced)         0.312     4.530    u_engine/u_dp/u_acc/max_score1[34]
                         LUT3 (Prop_lut3_I0_O)        0.306     4.836 r  u_engine/u_dp/u_acc/max_score[34]_i_1/O
                         net (fo=3, unplaced)         0.467     5.303    u_engine/u_dp/u_acc/D[33]
                         LUT6 (Prop_lut6_I0_O)        0.124     5.427 r  u_engine/u_dp/u_acc/i__carry__3_i_2/O
                         net (fo=1, unplaced)         0.639     6.066    u_engine/u_trk/DI[1]
                         CARRY4 (Prop_carry4_DI[1]_CO[2])
                                                      0.559     6.625 r  u_engine/u_trk/max_score0_inferred__0/i__carry__3/CO[2]
                         net (fo=1, unplaced)         0.452     7.077    u_engine/u_dp/u_acc/CO[0]
                         LUT2 (Prop_lut2_I1_O)        0.310     7.387 r  u_engine/u_dp/u_acc/best_j[7]_i_1/O
                         net (fo=46, unplaced)        0.553     7.940    u_engine/u_trk/E[0]
                         FDRE                                         r  u_engine/u_trk/best_j_reg[0]/CE
  -------------------------------------------------------------------    -------------------

                         (clock aclk rise edge)      10.000    10.000 r  
                                                      0.000    10.000 r  aclk (IN)
                         net (fo=970, unset)          0.924    10.924    u_engine/u_trk/aclk
                         FDRE                                         r  u_engine/u_trk/best_j_reg[0]/C
                         clock pessimism              0.000    10.924    
                         clock uncertainty           -0.035    10.889    
                         FDRE (Setup_fdre_C_CE)      -0.169    10.720    u_engine/u_trk/best_j_reg[0]
  -------------------------------------------------------------------
                         required time                         10.720    
                         arrival time                          -7.940    
  -------------------------------------------------------------------
                         slack                                  2.780    





Min Delay Paths
--------------------------------------------------------------------------------------
Slack (MET) :             0.219ns  (arrival time - required time)
  Source:                 u_engine/first_r_reg/C
                            (rising edge-triggered cell FDRE clocked by aclk  {rise@0.000ns fall@5.000ns period=10.000ns})
  Destination:            u_engine/u_dp/dl_reg[4]_srl5/D
                            (rising edge-triggered cell SRL16E clocked by aclk  {rise@0.000ns fall@5.000ns period=10.000ns})
  Path Group:             aclk
  Path Type:              Hold (Min at Fast Process Corner)
  Requirement:            0.000ns  (aclk rise@0.000ns - aclk rise@0.000ns)
  Data Path Delay:        0.305ns  (logic 0.164ns (53.808%)  route 0.141ns (46.192%))
  Logic Levels:           0  
  Clock Path Skew:        0.022ns (DCD - SCD - CPR)
    Destination Clock Delay (DCD):    0.432ns
    Source Clock Delay      (SCD):    0.410ns
    Clock Pessimism Removal (CPR):    -0.000ns

    Location             Delay type                Incr(ns)  Path(ns)    Netlist Resource(s)
  -------------------------------------------------------------------    -------------------
                         (clock aclk rise edge)       0.000     0.000 r  
                                                      0.000     0.000 r  aclk (IN)
                         net (fo=970, unset)          0.410     0.410    u_engine/aclk
                         FDRE                                         r  u_engine/first_r_reg/C
  -------------------------------------------------------------------    -------------------
                         FDRE (Prop_fdre_C_Q)         0.164     0.574 r  u_engine/first_r_reg/Q
                         net (fo=1, unplaced)         0.141     0.715    u_engine/u_dp/first
                         SRL16E                                       r  u_engine/u_dp/dl_reg[4]_srl5/D
  -------------------------------------------------------------------    -------------------

                         (clock aclk rise edge)       0.000     0.000 r  
                                                      0.000     0.000 r  aclk (IN)
                         net (fo=970, unset)          0.432     0.432    u_engine/u_dp/aclk
                         SRL16E                                       r  u_engine/u_dp/dl_reg[4]_srl5/CLK
                         clock pessimism              0.000     0.432    
                         SRL16E (Hold_srl16e_CLK_D)
                                                      0.064     0.496    u_engine/u_dp/dl_reg[4]_srl5
  -------------------------------------------------------------------
                         required time                         -0.496    
                         arrival time                           0.715    
  -------------------------------------------------------------------
                         slack                                  0.219    





Pulse Width Checks
--------------------------------------------------------------------------------------
Clock Name:         aclk
Waveform(ns):       { 0.000 5.000 }
Period(ns):         10.000
Sources:            { aclk }

Check Type        Corner  Lib Pin      Reference Pin  Required(ns)  Actual(ns)  Slack(ns)  Location  Pin
Min Period        n/a     DSP48E1/CLK  n/a            3.687         10.000      6.313                u_engine/u_dp/gen_mac[0].u_mac/p_reg/CLK
Low Pulse Width   Slow    RAMD32/CLK   n/a            1.250         5.000       3.750                u_rmem/gen_banks[0].mem_reg_0_3_0_5/RAMA/CLK
High Pulse Width  Slow    RAMD32/CLK   n/a            1.250         5.000       3.750                u_rmem/gen_banks[0].mem_reg_0_3_0_5/RAMA/CLK



